// Jest Snapshot v1, https://goo.gl/fbAQLP

exports[`Main Page renders MainPage without crashing 1`] = `ShallowWrapper {}`;
